2025-12-21 10:41:52,824 - pyswarms.discrete.binary - INFO - Optimize for 1000 iters with {'c1': 0.5, 'c2': 0.3, 'w': 0.9, 'k': 5, 'p': 2}
2025-12-21 10:42:02,421 - pyswarms.discrete.binary - INFO - Optimization finished | best cost: 268610.4286845494, best pos: [1 0 0 0 1 1 1 0 0 0 0 0 0 0 1 1 1 0 1 1 1 1]
2025-12-21 10:57:33,590 - pyswarms.discrete.binary - INFO - Optimize for 1000 iters with {'c1': 0.5, 'c2': 0.3, 'w': 0.9, 'k': 5, 'p': 2}
2025-12-21 10:57:43,274 - pyswarms.discrete.binary - INFO - Optimization finished | best cost: 268610.4286845494, best pos: [1 0 0 0 1 0 0 1 0 1 0 1 0 1 1 0 1 0 1 1 1 1]
2025-12-21 12:11:59,304 - pyswarms.discrete.binary - INFO - Optimize for 1000 iters with {'c1': 0.5, 'c2': 0.3, 'w': 0.9, 'k': 5, 'p': 2}
2025-12-21 12:12:07,753 - pyswarms.discrete.binary - INFO - Optimization finished | best cost: 268610.4286845494, best pos: [1 1 0 1 1 1 1 0 0 0 0 0 0 0 0 1 0 0 1 1 1 1]
2025-12-21 12:15:05,414 - pyswarms.discrete.binary - INFO - Optimize for 1000 iters with {'c1': 0.5, 'c2': 0.3, 'w': 0.9, 'k': 5, 'p': 2}
2025-12-21 12:15:14,454 - pyswarms.discrete.binary - INFO - Optimization finished | best cost: 268610.4286845494, best pos: [1 0 1 1 1 1 1 1 1 0 0 0 1 0 1 1 1 0 1 1 1 1]
2025-12-21 12:21:57,190 - pyswarms.discrete.binary - INFO - Optimize for 1000 iters with {'c1': 0.5, 'c2': 0.3, 'w': 0.9, 'k': 5, 'p': 2}
2025-12-21 12:22:08,559 - pyswarms.discrete.binary - INFO - Optimization finished | best cost: 268610.4286845494, best pos: [1 1 1 0 0 0 0 0 0 1 0 1 1 1 0 1 1 0 1 1 1 1]
2025-12-21 12:24:28,552 - pyswarms.discrete.binary - INFO - Optimize for 1000 iters with {'c1': 0.5, 'c2': 0.3, 'w': 0.9, 'k': 5, 'p': 2}
2025-12-21 12:24:39,504 - pyswarms.discrete.binary - INFO - Optimization finished | best cost: 268610.4286845494, best pos: [1 0 0 0 1 0 1 0 1 0 1 0 1 1 0 0 1 0 1 1 1 1]
2025-12-21 12:26:22,908 - pyswarms.discrete.binary - INFO - Optimize for 1000 iters with {'c1': 0.5, 'c2': 0.3, 'w': 0.9, 'k': 5, 'p': 2}
2025-12-21 12:26:34,948 - pyswarms.discrete.binary - INFO - Optimization finished | best cost: 268610.4286845494, best pos: [1 0 1 0 0 0 0 1 0 0 1 1 1 0 0 0 1 0 1 1 1 1]
2025-12-21 12:30:08,022 - pyswarms.discrete.binary - INFO - Optimize for 1000 iters with {'c1': 0.5, 'c2': 0.3, 'w': 0.9, 'k': 5, 'p': 2}
2025-12-21 12:30:19,239 - pyswarms.discrete.binary - INFO - Optimization finished | best cost: 268610.4286845494, best pos: [1 1 0 1 1 1 0 1 0 1 1 0 1 1 0 1 0 0 1 1 1 1]
2025-12-21 12:30:36,395 - pyswarms.discrete.binary - INFO - Optimize for 1000 iters with {'c1': 0.5, 'c2': 0.3, 'w': 0.9, 'k': 5, 'p': 2}
2025-12-21 12:30:47,671 - pyswarms.discrete.binary - INFO - Optimization finished | best cost: 268610.4286845494, best pos: [1 1 1 0 0 0 1 0 1 1 1 1 1 1 1 0 0 0 1 1 1 1]
2025-12-21 12:30:57,526 - pyswarms.discrete.binary - INFO - Optimize for 1000 iters with {'c1': 0.5, 'c2': 0.3, 'w': 0.9, 'k': 5, 'p': 2}
2025-12-21 12:31:09,076 - pyswarms.discrete.binary - INFO - Optimization finished | best cost: 268610.4286845494, best pos: [1 0 0 0 1 1 0 1 0 1 1 1 0 0 1 1 0 0 1 1 1 1]
2025-12-21 12:31:51,446 - pyswarms.discrete.binary - INFO - Optimize for 1000 iters with {'c1': 0.5, 'c2': 0.3, 'w': 0.9, 'k': 5, 'p': 2}
2025-12-21 12:32:02,603 - pyswarms.discrete.binary - INFO - Optimization finished | best cost: 268610.4286845494, best pos: [1 0 1 1 1 1 0 1 1 1 0 1 0 1 0 0 1 0 1 1 1 1]
2025-12-21 12:32:16,873 - pyswarms.discrete.binary - INFO - Optimize for 1000 iters with {'c1': 0.5, 'c2': 0.3, 'w': 0.9, 'k': 5, 'p': 2}
2025-12-21 12:32:27,903 - pyswarms.discrete.binary - INFO - Optimization finished | best cost: 268610.4286845494, best pos: [1 0 0 1 1 1 1 0 0 1 0 0 1 0 1 1 0 0 1 1 1 1]
2025-12-21 12:32:59,690 - pyswarms.discrete.binary - INFO - Optimize for 1000 iters with {'c1': 0.5, 'c2': 0.3, 'w': 0.9, 'k': 5, 'p': 2}
2025-12-21 12:33:10,860 - pyswarms.discrete.binary - INFO - Optimization finished | best cost: 268610.4286845494, best pos: [1 0 0 1 1 1 0 1 1 0 1 1 0 0 0 1 1 0 1 1 1 1]
2025-12-21 12:35:45,902 - pyswarms.discrete.binary - INFO - Optimize for 1000 iters with {'c1': 0.5, 'c2': 0.3, 'w': 0.9, 'k': 5, 'p': 2}
2025-12-21 12:35:58,074 - pyswarms.discrete.binary - INFO - Optimization finished | best cost: 268610.4286845494, best pos: [1 1 1 1 0 0 0 1 1 0 0 0 1 1 0 1 0 0 1 1 1 1]
2025-12-21 12:49:37,288 - pyswarms.discrete.binary - INFO - Optimize for 1000 iters with {'c1': 0.5, 'c2': 0.3, 'w': 0.9, 'k': 5, 'p': 2}
2025-12-21 12:49:49,057 - pyswarms.discrete.binary - INFO - Optimization finished | best cost: 268610.4286845494, best pos: [1 1 1 0 1 1 0 0 0 0 0 1 1 0 1 1 1 0 1 1 1 1]
2025-12-21 12:50:35,956 - pyswarms.discrete.binary - INFO - Optimize for 1000 iters with {'c1': 0.5, 'c2': 0.3, 'w': 0.9, 'k': 5, 'p': 2}
2025-12-21 12:50:46,873 - pyswarms.discrete.binary - INFO - Optimization finished | best cost: 268610.4286845494, best pos: [1 0 1 1 0 0 1 1 0 0 0 1 1 1 1 0 1 0 1 1 1 1]
2025-12-21 12:50:53,276 - pyswarms.discrete.binary - INFO - Optimize for 1000 iters with {'c1': 0.5, 'c2': 0.3, 'w': 0.9, 'k': 5, 'p': 2}
2025-12-21 12:51:04,418 - pyswarms.discrete.binary - INFO - Optimization finished | best cost: 268610.4286845494, best pos: [1 1 1 1 1 1 1 1 1 1 1 0 1 0 0 1 1 0 1 1 1 1]
